<html>
<body>
<pre>
<h1>µVision Build Log</h1>
<h2>Project:</h2>
C:\Users\balaz\OneDrive\Desktop\Arm\basic.uvproj
Project File Date:  11/30/2025

<h2>Output:</h2>
Rebuild target 'Target 1'
assembling Startup.s...
compiling delay.c...
tydef.h(7): warning:  #1-D: last line of file ends without a newline
  #endif
delay.c(17): warning:  #1-D: last line of file ends without a newline
  }
delay.c: 2 warnings, 0 errors
compiling arduino.c...
types.h(15): warning:  #1-D: last line of file ends without a newline
  #endif
arduino_defines.h(9): warning:  #1-D: last line of file ends without a newline
  #endif
arduino.c(89): warning:  #1-D: last line of file ends without a newline
  }
arduino.c: 3 warnings, 0 errors
compiling lcd.c...
types.h(15): warning:  #1-D: last line of file ends without a newline
  #endif
arduino_defines.h(9): warning:  #1-D: last line of file ends without a newline
  #endif
arduino.h(13): warning:  #1-D: last line of file ends without a newline
  #endif
lcd_defines.h(30): warning:  #1-D: last line of file ends without a newline
  #endif
lcd.c(112): warning:  #1-D: last line of file ends without a newline
  }
lcd.c: 5 warnings, 0 errors
compiling rtc_akhil.c...
types.h(15): warning:  #1-D: last line of file ends without a newline
  #endif
lcd.h(35): warning:  #1-D: last line of file ends without a newline
  #endif
pin_connect_block.h(7): warning:  #1-D: last line of file ends without a newline
  #endif
lcd_defines.h(30): warning:  #1-D: last line of file ends without a newline
  #endif
kpm.h(10): warning:  #1295-D: Deprecated declaration get_digit - give arg types
  u32 get_digit();
kpm.h(11): warning:  #1295-D: Deprecated declaration get_key - give arg types
  u32 get_key();
kpm.h(12): warning:  #1295-D: Deprecated declaration get_two_digit_value - give arg types
  u32 get_two_digit_value();
kpm.h(13): warning:  #1-D: last line of file ends without a newline
  #endif
arduino.h(13): warning:  #1-D: last line of file ends without a newline
  #endif
init_system.h(6): warning:  #1-D: last line of file ends without a newline
  #endif
rtc_akhil.c: 10 warnings, 0 errors
compiling kpm.c...
types.h(15): warning:  #1-D: last line of file ends without a newline
  #endif
lcd.h(35): warning:  #1-D: last line of file ends without a newline
  #endif
kpm_defines.h(14): warning:  #1-D: last line of file ends without a newline
  #endif
kpm.c: 3 warnings, 0 errors
compiling init_system.c...
types.h(15): warning:  #1-D: last line of file ends without a newline
  #endif
kpm.h(10): warning:  #1295-D: Deprecated declaration get_digit - give arg types
  u32 get_digit();
kpm.h(11): warning:  #1295-D: Deprecated declaration get_key - give arg types
  u32 get_key();
kpm.h(12): warning:  #1295-D: Deprecated declaration get_two_digit_value - give arg types
  u32 get_two_digit_value();
kpm.h(13): warning:  #1-D: last line of file ends without a newline
  #endif
lcd.h(35): warning:  #1-D: last line of file ends without a newline
  #endif
init_system.c(10): warning:  #1-D: last line of file ends without a newline
  }
init_system.c: 7 warnings, 0 errors
compiling rtc.c...
types.h(15): warning:  #1-D: last line of file ends without a newline
  #endif
lcd.h(35): warning:  #1-D: last line of file ends without a newline
  #endif
lcd_defines.h(30): warning:  #1-D: last line of file ends without a newline
  #endif
rtc.c: 3 warnings, 0 errors
compiling pin_connect_block.c...
types.h(15): warning:  #1-D: last line of file ends without a newline
  #endif
pin_connect_block.c(16): warning:  #1-D: last line of file ends without a newline
  }
pin_connect_block.c: 2 warnings, 0 errors
linking...
Program Size: Code=11328 RO-data=32 RW-data=168 ZI-data=1280  
FromELF: creating hex file...
".\akhil_test.axf" - 0 Error(s), 35 Warning(s).
</pre>
</body>
</html>
