<html>
<body>
<pre>
<h1>µVision Build Log</h1>
<h2>Project:</h2>
C:\Users\balaz\OneDrive\Desktop\Arm\basic.uvproj
Project File Date:  11/27/2025

<h2>Output:</h2>
Build target 'Target 1'
compiling rtc_akhil.c...
types.h(15): warning:  #1-D: last line of file ends without a newline
  #endif
lcd_defines.h(30): warning:  #1-D: last line of file ends without a newline
  #endif
kpm.h(10): warning:  #1-D: last line of file ends without a newline
  #endif
arduino.h(13): warning:  #1-D: last line of file ends without a newline
  #endif
init_system.h(6): warning:  #1-D: last line of file ends without a newline
  #endif
rtc_akhil.c(111): warning:  #1-D: last line of file ends without a newline
  }
rtc_akhil.c: 6 warnings, 0 errors
linking...
Program Size: Code=6488 RO-data=32 RW-data=132 ZI-data=1268  
FromELF: creating hex file...
".\akhil_test.axf" - 0 Error(s), 6 Warning(s).
</pre>
</body>
</html>
ed symbol GetRTCDay (referred from rtc_akhil.o).
.\akhil_test.axf: Error: L6218E: Undefined symbol GetRTCTimeInfo (referred from rtc_akhil.o).
.\akhil_test.axf: Error: L6218E: Undefined symbol SetRTCDateInfo (referred from rtc_akhil.o).
.\akhil_test.axf: Error: L6218E: Undefined symbol SetRTCDay (referred from rtc_akhil.o).
.\akhil_test.axf: Error: L6218E: Undefined symbol SetRTCTimeInfo (referred from rtc_akhil.o).
.\akhil_test.axf: Error: L6218E: Undefined symbol RTC_Init (referred from init_system.o).
Not enough information to list image symbols.
Finished: 1 information, 0 warning and 10 error messages.
".\akhil_test.axf" - 10 Error(s), 3 Warning(s).
Target not created
f: Error: L6218E: Undefined symbol RTC_Init (referred from init system.o).
Not enough information to list image symbols.
Finished: 1 information, 0 warning and 10 error messages.
".\akhil_test.axf" - 10 Error(s), 6 Warning(s).
Target not created
e ends without a newline
  #endif
kpm.c(57): warning:  #1-D: last line of file ends without a newline
    }
kpm.c: 3 warnings, 0 errors
compiling init system.c...
types.h(15): warning:  #1-D: last line of file ends without a newline
  #endif
kpm.h(10): warning:  #1-D: last line of file ends without a newline
  #endif
init system.c(10): warning:  #1-D: last line of file ends without a newline
  }
init system.c: 3 warnings, 0 errors
".\akhil.axf" - 1 Error(s), 20 Warning(s).
Target not created
