<html>
<body>
<pre>
<h1>µVision Build Log</h1>
<h2>Project:</h2>
C:\Users\balaz\OneDrive\Desktop\Arm\delaycheck_project.uvproj
Project File Date:  10/12/2025

<h2>Output:</h2>
Rebuild target 'Target 1'
assembling Startup.s...
compiling delay.c...
compiling delay_work.c...
delay_work.c(10): warning:  #1-D: last line of file ends without a newline
  }
delay_work.c: 1 warning, 0 errors
linking...
Program Size: Code=812 RO-data=60 RW-data=0 ZI-data=1312  
".\delaycheck_project.axf" - 0 Error(s), 1 Warning(s).
</pre>
</body>
</html>
