<html>
<body>
<pre>
<h1>µVision Build Log</h1>
<h2>Project:</h2>
C:\Users\balaz\OneDrive\Desktop\Arm\v25he2k20.uvproj
Project File Date:  11/24/2025

<h2>Output:</h2>
Build target 'Target 1'
linking...
Program Size: Code=2248 RO-data=32 RW-data=64 ZI-data=1256  
".\LAB.axf" - 0 Error(s), 0 Warning(s).
</pre>
</body>
</html>
ng, 0 errors
linking...
Program Size: Code=2248 RO-data=32 RW-data=64 ZI-data=1256  
".\LAB.axf" - 0 Error(s), 1 Warning(s).
file ends without a newline
  }
LAB_LCD_keypad.c: 3 warnings, 0 errors
linking...
Program Size: Code=2248 RO-data=32 RW-data=64 ZI-data=1256  
".\LAB.axf" - 0 Error(s), 3 Warning(s).

compiling LAB_LCD_keypad.c...
LAB_LCD_keypad.c(79): warning:  #1-D: last line of file ends without a newline
  }
LAB_LCD_keypad.c: 1 warning, 0 errors
linking...
Program Size: Code=2252 RO-data=32 RW-data=64 ZI-data=1256  
".\LAB.axf" - 0 Error(s), 5 Warning(s).
.
keypad.o).
Not enough information to list image symbols.
Finished: 1 information, 0 warning and 4 error messages.
".\LAB.axf" - 4 Error(s), 3 Warning(s).
Target not created
inished: 1 information, 0 warning and 4 error messages.
".\keypad1.axf" - 4 Error(s), 4 Warning(s).
Target not created
