<html>
<body>
<pre>
<h1>µVision Build Log</h1>
<h2>Project:</h2>
C:\Users\balaz\OneDrive\Desktop\Arm\v25he2k20.uvproj
Project File Date:  11/24/2025

<h2>Output:</h2>
Rebuild target 'Target 1'
assembling Startup.s...
compiling time.c...
tydef.h(7): warning:  #1-D: last line of file ends without a newline
  #endif
time.c(18): warning:  #1-D: last line of file ends without a newline
  }
time.c: 2 warnings, 0 errors
compiling LCD_custom.c...
tydef.h(7): warning:  #1-D: last line of file ends without a newline
  #endif
LCD_custom.c(159): warning:  #1-D: last line of file ends without a newline
  }*/
LCD_custom.c: 2 warnings, 0 errors
compiling KEYPAD.c...
tydef.h(7): warning:  #1-D: last line of file ends without a newline
  #endif
KEYPAD.c(77): warning:  #1-D: last line of file ends without a newline
  }
KEYPAD.c: 2 warnings, 0 errors
linking...
Program Size: Code=2268 RO-data=32 RW-data=68 ZI-data=1260  
".\LAB.axf" - 0 Error(s), 6 Warning(s).
1256  
".\LAB.axf" - 0 Error(s), 6 Warning(s).
ode=2120 RO-data=32 RW-data=64 ZI-data=1256  
".\LAB.axf" - 0 Error(s), 7 Warning(s).
