<html>
<body>
<pre>
<h1>µVision Build Log</h1>
<h2>Project:</h2>
C:\Users\balaz\OneDrive\Desktop\Arm\test.uvproj
Project File Date:  11/25/2025

<h2>Output:</h2>
Build target 'Target 1'
compiling pin_connect_block.c...
types.h(15): warning:  #1-D: last line of file ends without a newline
  #endif
pin_connect_block.c(16): warning:  #1-D: last line of file ends without a newline
  }
pin_connect_block.c: 2 warnings, 0 errors
linking...
Program Size: Code=1116 RO-data=32 RW-data=4 ZI-data=1260  
FromELF: creating hex file...
".\keypad_test.axf" - 0 Error(s), 2 Warning(s).
</pre>
</body>
</html>
dif
pin_connect_block.h(7): warning:  #1-D: last line of file ends without a newline
  #endif
eint0_virq_eint1_virq_test.c(75): warning:  #1-D: last line of file ends without a newline
  }
eint0_virq_eint1_virq_test.c: 4 warnings, 0 errors
linking...
.\keypad_test.axf: Error: L6218E: Undefined symbol CfgPortPinFunc (referred from eint0_virq_eint1_virq_test.o).
Not enough information to list image symbols.
Finished: 1 information, 0 warning and 1 error messages.
".\keypad_test.axf" - 1 Error(s), 6 Warning(s).
Target not created
