<html>
<body>
<pre>
<h1>µVision Build Log</h1>
<h2>Project:</h2>
C:\Users\balaz\OneDrive\Desktop\Arm\v25he2k20.uvproj
Project File Date:  11/25/2025

<h2>Output:</h2>
Build target 'Target 1'
linking...
Program Size: Code=2248 RO-data=32 RW-data=64 ZI-data=1256  
FromELF: creating hex file...
".\asdfg.axf" - 0 Error(s), 0 Warning(s).
</pre>
</body>
</html>
ends without a newline
  }
time.c: 2 warnings, 0 errors
compiling LCD_custom.c...
tydef.h(7): warning:  #1-D: last line of file ends without a newline
  #endif
LCD_custom.c(160): warning:  #1-D: last line of file ends without a newline
  }*/
LCD_custom.c: 2 warnings, 0 errors
compiling LAB_LCD_keypad.c...
LAB_LCD_keypad.c(79): warning:  #1-D: last line of file ends without a newline
  }
LAB_LCD_keypad.c: 1 warning, 0 errors
linking...
Program Size: Code=2248 RO-data=32 RW-data=64 ZI-data=1256  
".\LAB.axf" - 0 Error(s), 5 Warning(s).
