<html>
<body>
<pre>
<h1>µVision Build Log</h1>
<h2>Project:</h2>
C:\Users\balaz\OneDrive\Desktop\Arm\v25he2k20.uvproj
Project File Date:  11/18/2025

<h2>Output:</h2>
Rebuild target 'Target 1'
assembling Startup.s...
compiling time.c...
tydef.h(7): warning:  #1-D: last line of file ends without a newline
  #endif
time.c(18): warning:  #1-D: last line of file ends without a newline
  }
time.c: 2 warnings, 0 errors
compiling test_lcd.c...
tydef.h(7): warning:  #1-D: last line of file ends without a newline
  #endif
test_lcd.c: 1 warning, 0 errors
linking...
Program Size: Code=1216 RO-data=16 RW-data=0 ZI-data=1256  
".\lcd_test.axf" - 0 Error(s), 3 Warning(s).
</pre>
</body>
</html>
1256  
".\lcd1.axf" - 0 Error(s), 4 Warning(s).
t a newline
  #endif
LCD_TEST.C(91): warning:  #1-D: last line of file ends without a newline
  }
LCD_TEST.C: 2 warnings, 0 errors
".\lcd1.axf" - 3 Error(s), 4 Warning(s).
Target not created
compiling LCD_TEST.C...
tydef.h(7): warning:  #1-D: last line of file ends without a newline
  #endif
LCD_TEST.C(91): warning:  #1-D: last line of file ends without a newline
  }
LCD_TEST.C: 2 warnings, 0 errors
"LCD_TEST.C" - 0 Error(s), 2 Warning(s).
