<html>
<body>
<pre>
<h1>µVision Build Log</h1>
<h2>Project:</h2>
C:\Users\balaz\OneDrive\Desktop\Arm\v25he2k20.uvproj
Project File Date:  11/19/2025

<h2>Output:</h2>
Rebuild target 'Target 1'
assembling Startup.s...
compiling LCD_electronic_diecs.c...
tydef.h(7): warning:  #1-D: last line of file ends without a newline
  #endif
LCD_electronic_diecs.c(111): warning:  #1-D: last line of file ends without a newline
  }
LCD_electronic_diecs.c: 2 warnings, 0 errors
compiling time.c...
tydef.h(7): warning:  #1-D: last line of file ends without a newline
  #endif
time.c(18): warning:  #1-D: last line of file ends without a newline
  }
time.c: 2 warnings, 0 errors
linking...
Program Size: Code=1908 RO-data=16 RW-data=0 ZI-data=1488  
".\lcd_diec.axf" - 0 Error(s), 4 Warning(s).
</pre>
</body>
</html>
n, 0 warning and 2 error messages.
".\lcd_test.axf" - 2 Error(s), 2 Warning(s).
Target not created
arning:  #1-D: last line of file ends without a newline
  }
LCD_electronic_diecs.c: 3 warnings, 4 errors
".\lcd_test.axf" - 4 Error(s), 3 Warning(s).
Target not created

line of file ends without a newline
  }
LCD_electronic_diecs.c: 4 warnings, 4 errors
".\lcd_test.axf" - 4 Error(s), 4 Warning(s).
Target not created
s, 5 errors
".\lcd_test.axf" - 5 Error(s), 4 Warning(s).
Target not created
