<html>
<body>
<pre>
<h1>µVision Build Log</h1>
<h2>Project:</h2>
C:\Users\balaz\OneDrive\Desktop\Arm\MINI_PROJECT.uvproj
Project File Date:  11/29/2025

<h2>Output:</h2>
Build target 'Target 1'
compiling rtc_main.c...
types.h(15): warning:  #1-D: last line of file ends without a newline
  #endif
arduino.h(13): warning:  #1-D: last line of file ends without a newline
  #endif
lcd.h(35): warning:  #1-D: last line of file ends without a newline
  #endif*/
lcd_defines.h(30): warning:  #1-D: last line of file ends without a newline
  #endif
pin_connect_block.h(7): warning:  #1-D: last line of file ends without a newline
  #endif
pin_functions_defines.h(20): warning:  #1-D: last line of file ends without a newline
  #endif
kpm_defines.h(14): warning:  #1-D: last line of file ends without a newline
  #endif
kpm.h(10): warning:  #1295-D: Deprecated declaration get_digit - give arg types
  u32 get_digit();
kpm.h(11): warning:  #1295-D: Deprecated declaration get_key - give arg types
  u32 get_key();
kpm.h(12): warning:  #1295-D: Deprecated declaration get_two_digit_value - give arg types
  u32 get_two_digit_value();
kpm.h(13): warning:  #1-D: last line of file ends without a newline
  #endif
rtc_main.c: 11 warnings, 0 errors
linking...
Program Size: Code=10588 RO-data=144 RW-data=172 ZI-data=1268  
FromELF: creating hex file...
".\MINI_PROJECT.axf" - 0 Error(s), 11 Warning(s).
</pre>
</body>
</html>
