<html>
<body>
<pre>
<h1>µVision Build Log</h1>
<h2>Project:</h2>
C:\Users\balaz\OneDrive\Desktop\Arm\v25he2k20.uvproj
Project File Date:  11/23/2025

<h2>Output:</h2>
Rebuild target 'Target 1'
assembling Startup.s...
compiling time.c...
tydef.h(7): warning:  #1-D: last line of file ends without a newline
  #endif
time.c(18): warning:  #1-D: last line of file ends without a newline
  }
time.c: 2 warnings, 0 errors
compiling KEYPAD.c...
tydef.h(7): warning:  #1-D: last line of file ends without a newline
  #endif
LCD_defines.h(21): warning:  #1-D: last line of file ends without a newline
  void strLCD(s8 *p);
KEYPAD.c(77): warning:  #1-D: last line of file ends without a newline
  }
KEYPAD.c: 3 warnings, 0 errors
compiling LCD_custom.c...
tydef.h(7): warning:  #1-D: last line of file ends without a newline
  #endif
LCD_custom.c(134): warning:  #1-D: last line of file ends without a newline
  }*/
LCD_custom.c: 2 warnings, 0 errors
linking...
Program Size: Code=2140 RO-data=32 RW-data=68 ZI-data=1260  
".\keypad.axf" - 0 Error(s), 7 Warning(s).
</pre>
</body>
</html>
ad.axf" - 6 Error(s), 3 Warning(s).
Target not created
ecutable statement in block
      s32 C = col_check();
KEYPAD.c(159): warning:  #1-D: last line of file ends without a newline
  }*/
KEYPAD.c: 3 warnings, 6 errors
compiling LCD_custom.c...
tydef.h(7): warning:  #1-D: last line of file ends without a newline
  #endif
LCD_custom.c(134): warning:  #1-D: last line of file ends without a newline
  }*/
LCD_custom.c: 2 warnings, 0 errors
".\keypad.axf" - 6 Error(s), 7 Warning(s).
Target not created
ors
".\keypad.axf" - 4 Error(s), 8 Warning(s).
Target not created
  #1-D: last line of file ends without a newline
  #endif
LCD_custom.c(134): warning:  #1-D: last line of file ends without a newline
  }*/
LCD_custom.c: 2 warnings, 0 errors
".\keypad.axf" - 5 Error(s), 10 Warning(s).
Target not created
ustom.c: 2 warnings, 0 errors
".\keypad.axf" - 5 Error(s), 11 Warning(s).
Target not created
