<html>
<body>
<pre>
<h1>µVision Build Log</h1>
<h2>Project:</h2>
C:\Users\balaz\OneDrive\Desktop\Arm\v25he2k20.uvproj
Project File Date:  11/16/2025

<h2>Output:</h2>
Rebuild target 'Target 1'
assembling Startup.s...
compiling test_lcd.c...
tydef.h(7): warning:  #1-D: last line of file ends without a newline
  #endif
test_lcd.c: 1 warning, 0 errors
compiling time.c...
tydef.h(7): warning:  #1-D: last line of file ends without a newline
  #endif
time.c(18): warning:  #1-D: last line of file ends without a newline
  }
time.c: 2 warnings, 0 errors
linking...
Program Size: Code=1212 RO-data=16 RW-data=0 ZI-data=1256  
".\lcd.axf" - 0 Error(s), 3 Warning(s).
s), 2 Warning(s).
Target not created
ime.c(18): warning:  #1-D: last line of file ends without a newline
  }
time.c: 2 warnings, 3 errors
".\lcd.axf" - 3 Error(s), 3 Warning(s).
Target not created
 ends without a newline
  }
time.c: 2 warnings, 6 errors
compiling test_lcd.c...
tydef.h(7): warning:  #1-D: last line of file ends without a newline
  #endif
time.h(2): error:  #20: identifier "us32" is undefined
  void delay_ms(us32 del_ms);
time.h(3): error:  #20: identifier "us32" is undefined
  void delay_s(us32 del_s);
time.h(4): error:  #20: identifier "us32" is undefined
  void delay_us(us32 del_us);
test_lcd.c(94): error:  #254: type name is not allowed
      write_LCD(u32 ascii);
test_lcd.c(94): error:  #18: expected a ")"
      write_LCD(u32 ascii);
test_lcd.c: 1 warning, 5 errors
".\v25he2k20.axf" - 11 Error(s), 3 Warning(s).
Target not created
ot created
